#-----------------------------------------------------------
# Vivado v2023.2 (64-bit)
# SW Build 4029153 on Fri Oct 13 20:14:34 MDT 2023
# IP Build 4028589 on Sat Oct 14 00:45:43 MDT 2023
# SharedData Build 4025554 on Tue Oct 10 17:18:54 MDT 2023
# Start of session at: Thu Jul 24 19:33:05 2025
# Process ID: 24040
# Current directory: D:/Code/loongteam/mycpu_env_try/gettrace
# Command line: vivado.exe -gui_launcher_event rodinguilauncherevent13808 D:\Code\loongteam\mycpu_env_try\gettrace\gettrace.xpr
# Log file: D:/Code/loongteam/mycpu_env_try/gettrace/vivado.log
# Journal file: D:/Code/loongteam/mycpu_env_try/gettrace\vivado.jou
# Running On: DESKTOP-HHJ88ET, OS: Windows, CPU Frequency: 2096 MHz, CPU Physical cores: 12, Host memory: 14887 MB
#-----------------------------------------------------------
start_gui
open_project D:/Code/loongteam/mycpu_env_try/gettrace/gettrace.xpr
upgrade_project -migrate_output_products
update_compile_order -fileset sources_1
launch_simulation
source tb_top.tcl
run all
close_sim
